Archive member included to satisfy reference by file (symbol)

.pio/build/arduinoUno/lib304/libCmdMessenger.a(CmdMessenger.cpp.o)
                              .pio/build/arduinoUno/src/main.cpp.o (symbol from plugin) (_ZN12CmdMessengerC1ER6Streamccc)
.pio/build/arduinoUno/lib9a9/libAdafruit PWM Servo Driver Library.a(Adafruit_PWMServoDriver.cpp.o)
                              .pio/build/arduinoUno/src/ServoCommand.cpp.o (symbol from plugin) (_ZN23Adafruit_PWMServoDriverC1Ev)
.pio/build/arduinoUno/libFrameworkArduino.a(HardwareSerial.cpp.o)
                              .pio/build/arduinoUno/src/main.cpp.o (symbol from plugin) (_ZN14HardwareSerial5beginEmh)
.pio/build/arduinoUno/libFrameworkArduino.a(HardwareSerial0.cpp.o)
                              .pio/build/arduinoUno/src/main.cpp.o (symbol from plugin) (Serial)
.pio/build/arduinoUno/libFrameworkArduino.a(Print.cpp.o)
                              HardwareSerial.cpp.o (symbol from plugin) (_ZN5Print5writeEPKhj)
.pio/build/arduinoUno/libFrameworkArduino.a(Stream.cpp.o)
                              CmdMessenger.cpp.o (symbol from plugin) (_ZN6Stream9readBytesEPcj)
.pio/build/arduinoUno/libFrameworkArduino.a(WMath.cpp.o)
                              .pio/build/arduinoUno/src/Servo.cpp.o (symbol from plugin) (_Z3maplllll)
.pio/build/arduinoUno/libFrameworkArduino.a(WString.cpp.o)
                              .pio/build/arduinoUno/src/DCValveCommand.cpp.o (symbol from plugin) (_ZN6StringD2Ev)
.pio/build/arduinoUno/libFrameworkArduino.a(abi.cpp.o)
                              Print.cpp.o (symbol from plugin) (__cxa_pure_virtual)
.pio/build/arduinoUno/libFrameworkArduino.a(main.cpp.o)
                              /Users/nicolasdessambre/.platformio/packages/toolchain-atmelavr/bin/../lib/gcc/avr/7.3.0/../../../../avr/lib/avr5/crtatmega328p.o (main)
.pio/build/arduinoUno/libFrameworkArduino.a(new.cpp.o)
                              Adafruit_PWMServoDriver.cpp.o (symbol from plugin) (_Znwj)
.pio/build/arduinoUno/libFrameworkArduino.a(wiring.c.o)
                              .pio/build/arduinoUno/src/DCValve.cpp.o (symbol from plugin) (millis)
.pio/build/arduinoUno/libFrameworkArduino.a(wiring_digital.c.o)
                              .pio/build/arduinoUno/src/DCValve.cpp.o (symbol from plugin) (pinMode)
.pio/build/arduinoUno/libFrameworkArduino.a(hooks.c.o)
                              wiring.c.o (symbol from plugin) (yield)
.pio/build/arduinoUno/lib3a5/libWire.a(Wire.cpp.o)
                              Adafruit_PWMServoDriver.cpp.o (symbol from plugin) (Wire)
.pio/build/arduinoUno/lib3a5/libWire.a(twi.c.o)
                              Wire.cpp.o (symbol from plugin) (twi_init)
.pio/build/arduinoUno/lib8f6/libAdafruit BusIO.a(Adafruit_I2CDevice.cpp.o)
                              Adafruit_PWMServoDriver.cpp.o (symbol from plugin) (_ZN18Adafruit_I2CDeviceC1EhP7TwoWire)
/Users/nicolasdessambre/.platformio/packages/toolchain-atmelavr/bin/../lib/gcc/avr/7.3.0/avr5/libgcc.a(_exit.o)
                              /Users/nicolasdessambre/.platformio/packages/toolchain-atmelavr/bin/../lib/gcc/avr/7.3.0/../../../../avr/lib/avr5/crtatmega328p.o (exit)
/Users/nicolasdessambre/.platformio/packages/toolchain-atmelavr/bin/../lib/gcc/avr/7.3.0/../../../../avr/lib/avr5/libc.a(dtostrf.o)
                              WString.cpp.o (symbol from plugin) (dtostrf)
/Users/nicolasdessambre/.platformio/packages/toolchain-atmelavr/bin/../lib/gcc/avr/7.3.0/../../../../avr/lib/avr5/libc.a(random.o)
                              WMath.cpp.o (symbol from plugin) (random)
/Users/nicolasdessambre/.platformio/packages/toolchain-atmelavr/bin/../lib/gcc/avr/7.3.0/../../../../avr/lib/avr5/libc.a(strtod.o)
                              CmdMessenger.cpp.o (symbol from plugin) (strtod)
/Users/nicolasdessambre/.platformio/packages/toolchain-atmelavr/bin/../lib/gcc/avr/7.3.0/../../../../avr/lib/avr5/libc.a(atof.o)
                              WString.cpp.o (symbol from plugin) (atof)
/Users/nicolasdessambre/.platformio/packages/toolchain-atmelavr/bin/../lib/gcc/avr/7.3.0/../../../../avr/lib/avr5/libc.a(atoi.o)
                              CmdMessenger.cpp.o (symbol from plugin) (atoi)
/Users/nicolasdessambre/.platformio/packages/toolchain-atmelavr/bin/../lib/gcc/avr/7.3.0/../../../../avr/lib/avr5/libc.a(atol.o)
                              CmdMessenger.cpp.o (symbol from plugin) (atol)
/Users/nicolasdessambre/.platformio/packages/toolchain-atmelavr/bin/../lib/gcc/avr/7.3.0/../../../../avr/lib/avr5/libc.a(isspace.o)
                              /Users/nicolasdessambre/.platformio/packages/toolchain-atmelavr/bin/../lib/gcc/avr/7.3.0/../../../../avr/lib/avr5/libc.a(strtod.o) (isspace)
/Users/nicolasdessambre/.platformio/packages/toolchain-atmelavr/bin/../lib/gcc/avr/7.3.0/../../../../avr/lib/avr5/libc.a(strcpy_P.o)
                              WString.cpp.o (symbol from plugin) (strcpy_P)
[...]
Memory Configuration

Name             Origin             Length             Attributes
text             0x0000000000000000 0x0000000000020000 xr
data             0x0000000000800060 0x000000000000ffa0 rw !x
eeprom           0x0000000000810000 0x0000000000010000 rw !x
fuse             0x0000000000820000 0x0000000000000003 rw !x
lock             0x0000000000830000 0x0000000000000400 rw !x
signature        0x0000000000840000 0x0000000000000400 rw !x
user_signatures  0x0000000000850000 0x0000000000000400 rw !x
*default*        0x0000000000000000 0xffffffffffffffff

Linker script and memory map

Address of section .data set to 0x800100
LOAD /Users/nicolasdessambre/.platformio/packages/toolchain-atmelavr/bin/../lib/gcc/avr/7.3.0/../../../../avr/lib/avr5/crtatmega328p.o
LOAD .pio/build/arduinoUno/src/DCValve.cpp.o
LOAD /var/folders/09/b5r5jd_96vb7c8qpw4832jb40000gn/T//ccFbmKFe.ltrans0.ltrans.o
LOAD .pio/build/arduinoUno/src/DCValveCommand.cpp.o
LOAD .pio/build/arduinoUno/src/ElectricCylinder.cpp.o
LOAD .pio/build/arduinoUno/src/ElectricCylinderCommand.cpp.o
LOAD .pio/build/arduinoUno/src/Servo.cpp.o
LOAD .pio/build/arduinoUno/src/ServoCommand.cpp.o
LOAD .pio/build/arduinoUno/src/ServoSequenceManager.cpp.o
LOAD .pio/build/arduinoUno/src/main.cpp.o
START GROUP
LOAD .pio/build/arduinoUno/lib055/libPID.a
LOAD .pio/build/arduinoUno/lib304/libCmdMessenger.a
LOAD .pio/build/arduinoUno/lib3a5/libWire.a
LOAD .pio/build/arduinoUno/libd69/libSPI.a
LOAD .pio/build/arduinoUno/lib8f6/libAdafruit BusIO.a
LOAD .pio/build/arduinoUno/lib9a9/libAdafruit PWM Servo Driver Library.a
LOAD .pio/build/arduinoUno/libFrameworkArduinoVariant.a
LOAD .pio/build/arduinoUno/libFrameworkArduino.a
END GROUP
LOAD /Users/nicolasdessambre/.platformio/packages/toolchain-atmelavr/bin/../lib/gcc/avr/7.3.0/avr5/libgcc.a
LOAD /Users/nicolasdessambre/.platformio/packages/toolchain-atmelavr/bin/../lib/gcc/avr/7.3.0/../../../../avr/lib/avr5/libm.a
START GROUP
LOAD /Users/nicolasdessambre/.platformio/packages/toolchain-atmelavr/bin/../lib/gcc/avr/7.3.0/avr5/libgcc.a
LOAD /Users/nicolasdessambre/.platformio/packages/toolchain-atmelavr/bin/../lib/gcc/avr/7.3.0/../../../../avr/lib/avr5/libm.a
LOAD /Users/nicolasdessambre/.platformio/packages/toolchain-atmelavr/bin/../lib/gcc/avr/7.3.0/../../../../avr/lib/avr5/libc.a
LOAD /Users/nicolasdessambre/.platformio/packages/toolchain-atmelavr/bin/../lib/gcc/avr/7.3.0/../../../../avr/lib/avr5/libatmega328p.a
END GROUP
                0x0000000000020000                __TEXT_REGION_LENGTH__ = DEFINED (__TEXT_REGION_LENGTH__)?__TEXT_REGION_LENGTH__:0x20000
                0x000000000000ffa0                __DATA_REGION_LENGTH__ = DEFINED (__DATA_REGION_LENGTH__)?__DATA_REGION_LENGTH__:0xffa0
                0x0000000000010000                __EEPROM_REGION_LENGTH__ = DEFINED (__EEPROM_REGION_LENGTH__)?__EEPROM_REGION_LENGTH__:0x10000
                [0x0000000000000003]                __FUSE_REGION_LENGTH__ = DEFINED (__FUSE_REGION_LENGTH__)?__FUSE_REGION_LENGTH__:0x400
                0x0000000000000400                __LOCK_REGION_LENGTH__ = DEFINED (__LOCK_REGION_LENGTH__)?__LOCK_REGION_LENGTH__:0x400
                0x0000000000000400                __SIGNATURE_REGION_LENGTH__ = DEFINED (__SIGNATURE_REGION_LENGTH__)?__SIGNATURE_REGION_LENGTH__:0x400
                0x0000000000000400                __USER_SIGNATURE_REGION_LENGTH__ = DEFINED (__USER_SIGNATURE_REGION_LENGTH__)?__USER_SIGNATURE_REGION_LENGTH__:0x400

.hash
 *(.hash)

.dynsym
 *(.dynsym)

.dynstr
 *(.dynstr)

.gnu.version
 *(.gnu.version)

.gnu.version_d
 *(.gnu.version_d)

.gnu.version_r
 *(.gnu.version_r)

.rel.init
 *(.rel.init)

.rela.init
 *(.rela.init)

.rel.text
 *(.rel.text)
 *(.rel.text.*)
 *(.rel.gnu.linkonce.t*)

.rela.text
 *(.rela.text)
 *(.rela.text.*)
 *(.rela.gnu.linkonce.t*)

.rel.fini
 *(.rel.fini)

.rela.fini
 *(.rela.fini)

.rel.rodata
 *(.rel.rodata)
 *(.rel.rodata.*)
 *(.rel.gnu.linkonce.r*)

.rela.rodata
 *(.rela.rodata)
 *(.rela.rodata.*)
 *(.rela.gnu.linkonce.r*)

.rel.data
 *(.rel.data)
 *(.rel.data.*)
 *(.rel.gnu.linkonce.d*)

.rela.data
 *(.rela.data)
 *(.rela.data.*)
 *(.rela.gnu.linkonce.d*)

.rel.ctors
 *(.rel.ctors)

.rela.ctors
 *(.rela.ctors)

.rel.dtors
 *(.rel.dtors)

.rela.dtors
 *(.rela.dtors)

.rel.got
 *(.rel.got)

.rela.got
 *(.rela.got)

.rel.bss
 *(.rel.bss)

.rela.bss
 *(.rela.bss)

.rel.plt
 *(.rel.plt)

.rela.plt
 *(.rela.plt)

.text           0x0000000000000000     0x38a6
 *(.vectors)
 .vectors       0x0000000000000000       0x68 /Users/nicolasdessambre/.platformio/packages/toolchain-atmelavr/bin/../lib/gcc/avr/7.3.0/../../../../avr/lib/avr5/crtatmega328p.o
                0x0000000000000000                __vectors
                0x0000000000000000                __vector_default
 *(.vectors)
 *(.progmem.gcc*)
                0x0000000000000068                . = ALIGN (0x2)
                0x0000000000000068                __trampolines_start = .
 *(.trampolines)
 .trampolines   0x0000000000000068        0x0 linker stubs
 *(.trampolines*)
                0x0000000000000068                __trampolines_end = .
 *libprintf_flt.a:*(.progmem.data)
 *libc.a:*(.progmem.data)
 *(.progmem*)
 .progmem.data  0x0000000000000068      0x215 /var/folders/09/b5r5jd_96vb7c8qpw4832jb40000gn/T//ccFbmKFe.ltrans0.ltrans.o
                0x000000000000027e                . = ALIGN (0x2)
 *fill*         0x000000000000027d        0x1 
 *(.jumptables)
 *(.jumptables*)
 *(.lowtext)
 *(.lowtext*)
                0x000000000000027e                __ctors_start = .
 *(.ctors)
 .ctors         0x000000000000027e        0x2 /var/folders/09/b5r5jd_96vb7c8qpw4832jb40000gn/T//ccFbmKFe.ltrans0.ltrans.o
                0x0000000000000280                __ctors_end = .
                0x0000000000000280                __dtors_start = .
 *(.dtors)
                0x0000000000000280                __dtors_end = .
 SORT(*)(.ctors)
 SORT(*)(.dtors)
 *(.init0)
 .init0         0x0000000000000280        0x0 /Users/nicolasdessambre/.platformio/packages/toolchain-atmelavr/bin/../lib/gcc/avr/7.3.0/../../../../avr/lib/avr5/crtatmega328p.o
                0x0000000000000280                __init
 *(.init0)
 *(.init1)
 *(.init1)
 *(.init2)
 .init2         0x0000000000000280        0xc /Users/nicolasdessambre/.platformio/packages/toolchain-atmelavr/bin/../lib/gcc/avr/7.3.0/../../../../avr/lib/avr5/crtatmega328p.o
 *(.init2)
 *(.init3)
 *(.init3)
 *(.init4)
 .init4         0x000000000000028c       0x16 /Users/nicolasdessambre/.platformio/packages/toolchain-atmelavr/bin/../lib/gcc/avr/7.3.0/avr5/libgcc.a(_copy_data.o)
                0x000000000000028c                __do_copy_data
 .init4         0x00000000000002a2       0x10 /Users/nicolasdessambre/.platformio/packages/toolchain-atmelavr/bin/../lib/gcc/avr/7.3.0/avr5/libgcc.a(_clear_bss.o)
                0x00000000000002a2                __do_clear_bss
 *(.init4)
 *(.init5)
 *(.init5)
 *(.init6)
 .init6         0x00000000000002b2       0x16 /Users/nicolasdessambre/.platformio/packages/toolchain-atmelavr/bin/../lib/gcc/avr/7.3.0/avr5/libgcc.a(_ctors.o)
                0x00000000000002b2                __do_global_ctors
 *(.init6)
 *(.init7)
 *(.init7)
 *(.init8)
 *(.init8)
 *(.init9)
 .init9         0x00000000000002c8        0x8 /Users/nicolasdessambre/.platformio/packages/toolchain-atmelavr/bin/../lib/gcc/avr/7.3.0/../../../../avr/lib/avr5/crtatmega328p.o
 *(.init9)
 *(.text)
 .text          0x00000000000002d0        0x4 /Users/nicolasdessambre/.platformio/packages/toolchain-atmelavr/bin/../lib/gcc/avr/7.3.0/../../../../avr/lib/avr5/crtatmega328p.o
                0x00000000000002d0                __vector_20
                0x00000000000002d0                __vector_1
                0x00000000000002d0                __vector_12
                0x00000000000002d0                __bad_interrupt
                0x00000000000002d0                __vector_6
                0x00000000000002d0                __vector_3
                0x00000000000002d0                __vector_23
                0x00000000000002d0                __vector_25
                0x00000000000002d0                __vector_11
                0x00000000000002d0                __vector_13
                0x00000000000002d0                __vector_17
                0x00000000000002d0                __vector_7
                0x00000000000002d0                __vector_5
                0x00000000000002d0                __vector_4
                0x00000000000002d0                __vector_9
                0x00000000000002d0                __vector_2
                0x00000000000002d0                __vector_21
                0x00000000000002d0                __vector_15
                0x00000000000002d0                __vector_8
                0x00000000000002d0                __vector_14
                0x00000000000002d0                __vector_10
                0x00000000000002d0                __vector_22
 .text          0x00000000000002d4     0x2048 /var/folders/09/b5r5jd_96vb7c8qpw4832jb40000gn/T//ccFbmKFe.ltrans0.ltrans.o
                0x0000000000001f9a                __vector_24
                0x00000000000021d8                __vector_16
                0x000000000000226c                __vector_19
                0x00000000000022b8                __vector_18
                0x000000000000231c                . = ALIGN (0x2)
 *(.text.*)
 .text.startup  0x000000000000231c      0xb64 /var/folders/09/b5r5jd_96vb7c8qpw4832jb40000gn/T//ccFbmKFe.ltrans0.ltrans.o
                0x0000000000002806                main
 .text.avr-libc
                0x0000000000002e80       0x3c /Users/nicolasdessambre/.platformio/packages/toolchain-atmelavr/bin/../lib/gcc/avr/7.3.0/../../../../avr/lib/avr5/libc.a(atoi.o)
                0x0000000000002e80                atoi
 .text.avr-libc
                0x0000000000002ebc       0x16 /Users/nicolasdessambre/.platformio/packages/toolchain-atmelavr/bin/../lib/gcc/avr/7.3.0/../../../../avr/lib/avr5/libc.a(itoa_ncheck.o)
                0x0000000000002ebc                __itoa_ncheck
 .text.avr-libc
                0x0000000000002ed2       0x10 /Users/nicolasdessambre/.platformio/packages/toolchain-atmelavr/bin/../lib/gcc/avr/7.3.0/../../../../avr/lib/avr5/libc.a(mul10.o)
                0x0000000000002ed2                __mulhi_const_10
 .text.avr-libc
                0x0000000000002ee2       0x34 /Users/nicolasdessambre/.platformio/packages/toolchain-atmelavr/bin/../lib/gcc/avr/7.3.0/../../../../avr/lib/avr5/libc.a(utoa_ncheck.o)
                0x0000000000002ee2                __utoa_ncheck
                0x0000000000002ee4                __utoa_common
 .text.avr-libc.fplib
                0x0000000000002f16        0xa /Users/nicolasdessambre/.platformio/packages/toolchain-atmelavr/bin/../lib/gcc/avr/7.3.0/../../../../avr/lib/avr5/libc.a(cmpsf2.o)
                0x0000000000002f16                __lesf2
                0x0000000000002f16                __nesf2
                0x0000000000002f16                __eqsf2
                0x0000000000002f16                __cmpsf2
                0x0000000000002f16                __ltsf2
 .text.avr-libc.fplib
                0x0000000000002f20       0x7a /Users/nicolasdessambre/.platformio/packages/toolchain-atmelavr/bin/../lib/gcc/avr/7.3.0/../../../../avr/lib/avr5/libc.a(floatsisf.o)
                0x0000000000002f20                __floatunsisf
                0x0000000000002f24                __floatsisf
 .text.avr-libc.fplib
                0x0000000000002f9a       0x48 /Users/nicolasdessambre/.platformio/packages/toolchain-atmelavr/bin/../lib/gcc/avr/7.3.0/../../../../avr/lib/avr5/libc.a(fp_cmp.o)
                0x0000000000002f9a                __fp_cmp
 .text.avr-libc.fplib
                0x0000000000002fe2        0x8 /Users/nicolasdessambre/.platformio/packages/toolchain-atmelavr/bin/../lib/gcc/avr/7.3.0/../../../../avr/lib/avr5/libc.a(mulsf3.o)
                0x0000000000002fe2                __mulsf3
 .text.avr-libc.fplib
                0x0000000000002fea       0xd2 /Users/nicolasdessambre/.platformio/packages/toolchain-atmelavr/bin/../lib/gcc/avr/7.3.0/../../../../avr/lib/avr5/libc.a(mulsf3x.o)
                0x0000000000003008                __mulsf3x
                0x000000000000300e                __mulsf3_pse
 .text.avr-libc
                0x00000000000030bc       0x20 /Users/nicolasdessambre/.platformio/packages/toolchain-atmelavr/bin/../lib/gcc/avr/7.3.0/../../../../avr/lib/avr5/libc.a(strrev.o)
                0x00000000000030bc                strrev
 .text.avr-libc.fplib
                0x00000000000030dc        0xc /Users/nicolasdessambre/.platformio/packages/toolchain-atmelavr/bin/../lib/gcc/avr/7.3.0/../../../../avr/lib/avr5/libc.a(fp_inf.o)
                0x00000000000030dc                __fp_inf
 .text.avr-libc.fplib
                0x00000000000030e8        0x6 /Users/nicolasdessambre/.platformio/packages/toolchain-atmelavr/bin/../lib/gcc/avr/7.3.0/../../../../avr/lib/avr5/libc.a(fp_nan.o)
                0x00000000000030e8                __fp_nan
 .text.avr-libc.fplib
                0x00000000000030ee        0xe /Users/nicolasdessambre/.platformio/packages/toolchain-atmelavr/bin/../lib/gcc/avr/7.3.0/../../../../avr/lib/avr5/libc.a(fp_pscA.o)
                0x00000000000030ee                __fp_pscA
 .text.avr-libc.fplib
                0x00000000000030fc        0xe /Users/nicolasdessambre/.platformio/packages/toolchain-atmelavr/bin/../lib/gcc/avr/7.3.0/../../../../avr/lib/avr5/libc.a(fp_pscB.o)
                0x00000000000030fc                __fp_pscB
 .text.avr-libc.fplib
                0x000000000000310a       0x22 /Users/nicolasdessambre/.platformio/packages/toolchain-atmelavr/bin/../lib/gcc/avr/7.3.0/../../../../avr/lib/avr5/libc.a(fp_round.o)
                0x000000000000310a                __fp_round
 .text.avr-libc.fplib
                0x000000000000312c       0x44 /Users/nicolasdessambre/.platformio/packages/toolchain-atmelavr/bin/../lib/gcc/avr/7.3.0/../../../../avr/lib/avr5/libc.a(fp_split3.o)
                0x000000000000312c                __fp_split3
                0x000000000000313c                __fp_splitA
 .text.avr-libc.fplib
                0x0000000000003170        0xe /Users/nicolasdessambre/.platformio/packages/toolchain-atmelavr/bin/../lib/gcc/avr/7.3.0/../../../../avr/lib/avr5/libc.a(fp_zero.o)
                0x0000000000003170                __fp_zero
                0x0000000000003172                __fp_szero
 .text.libgcc.div
                0x000000000000317e       0x2e /Users/nicolasdessambre/.platformio/packages/toolchain-atmelavr/bin/../lib/gcc/avr/7.3.0/avr5/libgcc.a(_divmodsi4.o)
                0x000000000000317e                __divmodsi4
 .text.libgcc.div
                0x00000000000031ac       0x10 /Users/nicolasdessambre/.platformio/packages/toolchain-atmelavr/bin/../lib/gcc/avr/7.3.0/avr5/libgcc.a(_negsi2.o)
                0x00000000000031ac                __negsi2
 .text.libgcc.prologue
                0x00000000000031bc       0x38 /Users/nicolasdessambre/.platformio/packages/toolchain-atmelavr/bin/../lib/gcc/avr/7.3.0/avr5/libgcc.a(_prologue.o)
                0x00000000000031bc                __prologue_saves__
 .text.libgcc.prologue
                0x00000000000031f4       0x36 /Users/nicolasdessambre/.platformio/packages/toolchain-atmelavr/bin/../lib/gcc/avr/7.3.0/avr5/libgcc.a(_epilogue.o)
                0x00000000000031f4                __epilogue_restores__
 .text.libgcc.div
                0x000000000000322a       0x44 /Users/nicolasdessambre/.platformio/packages/toolchain-atmelavr/bin/../lib/gcc/avr/7.3.0/avr5/libgcc.a(_udivmodsi4.o)
                0x000000000000322a                __udivmodsi4
 .text.libgcc.mul
                0x000000000000326e       0x1e /Users/nicolasdessambre/.platformio/packages/toolchain-atmelavr/bin/../lib/gcc/avr/7.3.0/avr5/libgcc.a(_umulhisi3.o)
                0x000000000000326e                __umulhisi3
 .text.libgcc   0x000000000000328c        0xc /Users/nicolasdessambre/.platformio/packages/toolchain-atmelavr/bin/../lib/gcc/avr/7.3.0/avr5/libgcc.a(_tablejump2.o)
                0x000000000000328c                __tablejump2__
 .text.avr-libc.fplib
                0x0000000000003298        0xe /Users/nicolasdessambre/.platformio/packages/toolchain-atmelavr/bin/../lib/gcc/avr/7.3.0/../../../../avr/lib/avr5/libm.a(addsf3.o)
                0x0000000000003298                __subsf3
                0x000000000000329a                __addsf3
 .text.avr-libc.fplib
                0x00000000000032a6       0xcc /Users/nicolasdessambre/.platformio/packages/toolchain-atmelavr/bin/../lib/gcc/avr/7.3.0/../../../../avr/lib/avr5/libm.a(addsf3x.o)
                0x00000000000032c8                __addsf3x
 .text.avr-libc.fplib
                0x0000000000003372        0x8 /Users/nicolasdessambre/.platformio/packages/toolchain-atmelavr/bin/../lib/gcc/avr/7.3.0/../../../../avr/lib/avr5/libm.a(divsf3.o)
                0x0000000000003372                __divsf3
 .text.avr-libc.fplib
                0x000000000000337a       0xdc /Users/nicolasdessambre/.platformio/packages/toolchain-atmelavr/bin/../lib/gcc/avr/7.3.0/../../../../avr/lib/avr5/libm.a(divsf3x.o)
                0x000000000000339a                __divsf3x
                0x00000000000033a0                __divsf3_pse
 .text.avr-libc.fplib
                0x0000000000003456       0x5e /Users/nicolasdessambre/.platformio/packages/toolchain-atmelavr/bin/../lib/gcc/avr/7.3.0/../../../../avr/lib/avr5/libm.a(fixunssfsi.o)
                0x0000000000003456                __fixunssfsi
 .text.avr-libc.fplib
                0x00000000000034b4        0xa /Users/nicolasdessambre/.platformio/packages/toolchain-atmelavr/bin/../lib/gcc/avr/7.3.0/../../../../avr/lib/avr5/libm.a(gesf2.o)
                0x00000000000034b4                __gtsf2
                0x00000000000034b4                __gesf2
 .text.avr-libc
                0x00000000000034be      0x24a /Users/nicolasdessambre/.platformio/packages/toolchain-atmelavr/bin/../lib/gcc/avr/7.3.0/../../../../avr/lib/avr5/libc.a(malloc.o)
                0x00000000000034be                malloc
                0x00000000000035f6                free
 .text.avr-libc
                0x0000000000003708      0x17a /Users/nicolasdessambre/.platformio/packages/toolchain-atmelavr/bin/../lib/gcc/avr/7.3.0/../../../../avr/lib/avr5/libc.a(realloc.o)
                0x0000000000003708                realloc
 .text.avr-libc
                0x0000000000003882       0x12 /Users/nicolasdessambre/.platformio/packages/toolchain-atmelavr/bin/../lib/gcc/avr/7.3.0/../../../../avr/lib/avr5/libc.a(memcpy.o)
                0x0000000000003882                memcpy
 .text.avr-libc
                0x0000000000003894        0xe /Users/nicolasdessambre/.platformio/packages/toolchain-atmelavr/bin/../lib/gcc/avr/7.3.0/../../../../avr/lib/avr5/libc.a(strcpy.o)
                0x0000000000003894                strcpy
                0x00000000000038a2                . = ALIGN (0x2)
 *(.fini9)
 .fini9         0x00000000000038a2        0x0 /Users/nicolasdessambre/.platformio/packages/toolchain-atmelavr/bin/../lib/gcc/avr/7.3.0/avr5/libgcc.a(_exit.o)
                0x00000000000038a2                exit
                0x00000000000038a2                _exit
 *(.fini9)
 *(.fini8)
 *(.fini8)
 *(.fini7)
 *(.fini7)
 *(.fini6)
 *(.fini6)
 *(.fini5)
 *(.fini5)
 *(.fini4)
 *(.fini4)
 *(.fini3)
 *(.fini3)
 *(.fini2)
 *(.fini2)
 *(.fini1)
 *(.fini1)
 *(.fini0)
 .fini0         0x00000000000038a2        0x4 /Users/nicolasdessambre/.platformio/packages/toolchain-atmelavr/bin/../lib/gcc/avr/7.3.0/avr5/libgcc.a(_exit.o)
 *(.fini0)
                0x00000000000038a6                _etext = .

.data           0x0000000000800100       0x9c load address 0x00000000000038a6
                0x0000000000800100                PROVIDE (__data_start, .)
 *(.data)
 .data          0x0000000000800100       0x11 /var/folders/09/b5r5jd_96vb7c8qpw4832jb40000gn/T//ccFbmKFe.ltrans0.ltrans.o
 .data          0x0000000000800111        0x6 /Users/nicolasdessambre/.platformio/packages/toolchain-atmelavr/bin/../lib/gcc/avr/7.3.0/../../../../avr/lib/avr5/libc.a(malloc.o)
                0x0000000000800111                __malloc_heap_end
                0x0000000000800113                __malloc_heap_start
                0x0000000000800115                __malloc_margin
 *(.data*)
 *(.gnu.linkonce.d*)
 *(.rodata)
 .rodata        0x0000000000800117       0x32 /var/folders/09/b5r5jd_96vb7c8qpw4832jb40000gn/T//ccFbmKFe.ltrans0.ltrans.o
 *(.rodata*)
 .rodata.str1.1
                0x0000000000800149       0x52 /var/folders/09/b5r5jd_96vb7c8qpw4832jb40000gn/T//ccFbmKFe.ltrans0.ltrans.o
                                         0x58 (size before relaxing)
 *(.gnu.linkonce.r*)
                0x000000000080019c                . = ALIGN (0x2)
 *fill*         0x000000000080019b        0x1 
                0x000000000080019c                _edata = .
                0x000000000080019c                PROVIDE (__data_end, .)

.bss            0x000000000080019c      0x5e7
                0x000000000080019c                PROVIDE (__bss_start, .)
 *(.bss)
 .bss           0x000000000080019c      0x5e3 /var/folders/09/b5r5jd_96vb7c8qpw4832jb40000gn/T//ccFbmKFe.ltrans0.ltrans.o
 *(.bss*)
 *(COMMON)
 COMMON         0x000000000080077f        0x4 /Users/nicolasdessambre/.platformio/packages/toolchain-atmelavr/bin/../lib/gcc/avr/7.3.0/../../../../avr/lib/avr5/libc.a(malloc.o)
                0x000000000080077f                __brkval
                0x0000000000800781                __flp
                0x0000000000800783                PROVIDE (__bss_end, .)
                0x00000000000038a6                __data_load_start = LOADADDR (.data)
                0x0000000000003942                __data_load_end = (__data_load_start + SIZEOF (.data))

.noinit         0x0000000000800783        0x0
                [!provide]                        PROVIDE (__noinit_start, .)
 *(.noinit*)
                [!provide]                        PROVIDE (__noinit_end, .)
                0x0000000000800783                _end = .
                0x0000000000800783                PROVIDE (__heap_start, .)

.eeprom         0x0000000000810000        0x0
 *(.eeprom*)
                0x0000000000810000                __eeprom_end = .

.fuse
 *(.fuse)
 *(.lfuse)
 *(.hfuse)
 *(.efuse)

.lock
 *(.lock*)

.signature
 *(.signature*)

.user_signatures
 *(.user_signatures*)

.stab
 *(.stab)

.stabstr
 *(.stabstr)

.stab.excl
 *(.stab.excl)

.stab.exclstr
 *(.stab.exclstr)

.stab.index
 *(.stab.index)

.stab.indexstr
 *(.stab.indexstr)

.comment        0x0000000000000000       0x11
 *(.comment)
 .comment       0x0000000000000000       0x11 /var/folders/09/b5r5jd_96vb7c8qpw4832jb40000gn/T//ccFbmKFe.ltrans0.ltrans.o
                                         0x12 (size before relaxing)
 .comment       0x0000000000000011       0x12 /Users/nicolasdessambre/.platformio/packages/toolchain-atmelavr/bin/../lib/gcc/avr/7.3.0/../../../../avr/lib/avr5/libc.a(malloc.o)
 .comment       0x0000000000000011       0x12 /Users/nicolasdessambre/.platformio/packages/toolchain-atmelavr/bin/../lib/gcc/avr/7.3.0/../../../../avr/lib/avr5/libc.a(realloc.o)

.note.gnu.avr.deviceinfo
                0x0000000000000000       0x40
 .note.gnu.avr.deviceinfo
                0x0000000000000000       0x40 /Users/nicolasdessambre/.platformio/packages/toolchain-atmelavr/bin/../lib/gcc/avr/7.3.0/../../../../avr/lib/avr5/crtatmega328p.o

.note.gnu.build-id
 *(.note.gnu.build-id)

.debug
 *(.debug)

.line
 *(.line)

.debug_srcinfo
 *(.debug_srcinfo)

.debug_sfnames
 *(.debug_sfnames)

.debug_aranges  0x0000000000000000      0x160
 *(.debug_aranges)
 .debug_aranges
                0x0000000000000000       0x20 /Users/nicolasdessambre/.platformio/packages/toolchain-atmelavr/bin/../lib/gcc/avr/7.3.0/avr5/libgcc.a(_exit.o)
 .debug_aranges
                0x0000000000000020       0x20 /Users/nicolasdessambre/.platformio/packages/toolchain-atmelavr/bin/../lib/gcc/avr/7.3.0/avr5/libgcc.a(_divmodsi4.o)
 .debug_aranges
                0x0000000000000040       0x20 /Users/nicolasdessambre/.platformio/packages/toolchain-atmelavr/bin/../lib/gcc/avr/7.3.0/avr5/libgcc.a(_negsi2.o)
 .debug_aranges
                0x0000000000000060       0x20 /Users/nicolasdessambre/.platformio/packages/toolchain-atmelavr/bin/../lib/gcc/avr/7.3.0/avr5/libgcc.a(_copy_data.o)
 .debug_aranges
                0x0000000000000080       0x20 /Users/nicolasdessambre/.platformio/packages/toolchain-atmelavr/bin/../lib/gcc/avr/7.3.0/avr5/libgcc.a(_clear_bss.o)
 .debug_aranges
                0x00000000000000a0       0x20 /Users/nicolasdessambre/.platformio/packages/toolchain-atmelavr/bin/../lib/gcc/avr/7.3.0/avr5/libgcc.a(_prologue.o)
 .debug_aranges
                0x00000000000000c0       0x20 /Users/nicolasdessambre/.platformio/packages/toolchain-atmelavr/bin/../lib/gcc/avr/7.3.0/avr5/libgcc.a(_epilogue.o)
 .debug_aranges
                0x00000000000000e0       0x20 /Users/nicolasdessambre/.platformio/packages/toolchain-atmelavr/bin/../lib/gcc/avr/7.3.0/avr5/libgcc.a(_udivmodsi4.o)
 .debug_aranges
                0x0000000000000100       0x20 /Users/nicolasdessambre/.platformio/packages/toolchain-atmelavr/bin/../lib/gcc/avr/7.3.0/avr5/libgcc.a(_umulhisi3.o)
 .debug_aranges
                0x0000000000000120       0x20 /Users/nicolasdessambre/.platformio/packages/toolchain-atmelavr/bin/../lib/gcc/avr/7.3.0/avr5/libgcc.a(_ctors.o)
 .debug_aranges
                0x0000000000000140       0x20 /Users/nicolasdessambre/.platformio/packages/toolchain-atmelavr/bin/../lib/gcc/avr/7.3.0/avr5/libgcc.a(_tablejump2.o)

.debug_pubnames
 *(.debug_pubnames)

.debug_info     0x0000000000000000      0xd6e
 *(.debug_info .gnu.linkonce.wi.*)
 .debug_info    0x0000000000000000      0x5f4 /Users/nicolasdessambre/.platformio/packages/toolchain-atmelavr/bin/../lib/gcc/avr/7.3.0/../../../../avr/lib/avr5/crtatmega328p.o
 .debug_info    0x00000000000005f4       0xae /Users/nicolasdessambre/.platformio/packages/toolchain-atmelavr/bin/../lib/gcc/avr/7.3.0/avr5/libgcc.a(_exit.o)
 .debug_info    0x00000000000006a2       0xae /Users/nicolasdessambre/.platformio/packages/toolchain-atmelavr/bin/../lib/gcc/avr/7.3.0/avr5/libgcc.a(_divmodsi4.o)
 .debug_info    0x0000000000000750       0xae /Users/nicolasdessambre/.platformio/packages/toolchain-atmelavr/bin/../lib/gcc/avr/7.3.0/avr5/libgcc.a(_negsi2.o)
 .debug_info    0x00000000000007fe       0xae /Users/nicolasdessambre/.platformio/packages/toolchain-atmelavr/bin/../lib/gcc/avr/7.3.0/avr5/libgcc.a(_copy_data.o)
 .debug_info    0x00000000000008ac       0xae /Users/nicolasdessambre/.platformio/packages/toolchain-atmelavr/bin/../lib/gcc/avr/7.3.0/avr5/libgcc.a(_clear_bss.o)
 .debug_info    0x000000000000095a       0xae /Users/nicolasdessambre/.platformio/packages/toolchain-atmelavr/bin/../lib/gcc/avr/7.3.0/avr5/libgcc.a(_prologue.o)
 .debug_info    0x0000000000000a08       0xae /Users/nicolasdessambre/.platformio/packages/toolchain-atmelavr/bin/../lib/gcc/avr/7.3.0/avr5/libgcc.a(_epilogue.o)
 .debug_info    0x0000000000000ab6       0xae /Users/nicolasdessambre/.platformio/packages/toolchain-atmelavr/bin/../lib/gcc/avr/7.3.0/avr5/libgcc.a(_udivmodsi4.o)
 .debug_info    0x0000000000000b64       0xae /Users/nicolasdessambre/.platformio/packages/toolchain-atmelavr/bin/../lib/gcc/avr/7.3.0/avr5/libgcc.a(_umulhisi3.o)
 .debug_info    0x0000000000000c12       0xae /Users/nicolasdessambre/.platformio/packages/toolchain-atmelavr/bin/../lib/gcc/avr/7.3.0/avr5/libgcc.a(_ctors.o)
 .debug_info    0x0000000000000cc0       0xae /Users/nicolasdessambre/.platformio/packages/toolchain-atmelavr/bin/../lib/gcc/avr/7.3.0/avr5/libgcc.a(_tablejump2.o)

.debug_abbrev   0x0000000000000000      0x67e
 *(.debug_abbrev)
 .debug_abbrev  0x0000000000000000      0x5a2 /Users/nicolasdessambre/.platformio/packages/toolchain-atmelavr/bin/../lib/gcc/avr/7.3.0/../../../../avr/lib/avr5/crtatmega328p.o
 .debug_abbrev  0x00000000000005a2       0x14 /Users/nicolasdessambre/.platformio/packages/toolchain-atmelavr/bin/../lib/gcc/avr/7.3.0/avr5/libgcc.a(_exit.o)
 .debug_abbrev  0x00000000000005b6       0x14 /Users/nicolasdessambre/.platformio/packages/toolchain-atmelavr/bin/../lib/gcc/avr/7.3.0/avr5/libgcc.a(_divmodsi4.o)
 .debug_abbrev  0x00000000000005ca       0x14 /Users/nicolasdessambre/.platformio/packages/toolchain-atmelavr/bin/../lib/gcc/avr/7.3.0/avr5/libgcc.a(_negsi2.o)
 .debug_abbrev  0x00000000000005de       0x14 /Users/nicolasdessambre/.platformio/packages/toolchain-atmelavr/bin/../lib/gcc/avr/7.3.0/avr5/libgcc.a(_copy_data.o)
 .debug_abbrev  0x00000000000005f2       0x14 /Users/nicolasdessambre/.platformio/packages/toolchain-atmelavr/bin/../lib/gcc/avr/7.3.0/avr5/libgcc.a(_clear_bss.o)
 .debug_abbrev  0x0000000000000606       0x14 /Users/nicolasdessambre/.platformio/packages/toolchain-atmelavr/bin/../lib/gcc/avr/7.3.0/avr5/libgcc.a(_prologue.o)
 .debug_abbrev  0x000000000000061a       0x14 /Users/nicolasdessambre/.platformio/packages/toolchain-atmelavr/bin/../lib/gcc/avr/7.3.0/avr5/libgcc.a(_epilogue.o)
 .debug_abbrev  0x000000000000062e       0x14 /Users/nicolasdessambre/.platformio/packages/toolchain-atmelavr/bin/../lib/gcc/avr/7.3.0/avr5/libgcc.a(_udivmodsi4.o)
 .debug_abbrev  0x0000000000000642       0x14 /Users/nicolasdessambre/.platformio/packages/toolchain-atmelavr/bin/../lib/gcc/avr/7.3.0/avr5/libgcc.a(_umulhisi3.o)
 .debug_abbrev  0x0000000000000656       0x14 /Users/nicolasdessambre/.platformio/packages/toolchain-atmelavr/bin/../lib/gcc/avr/7.3.0/avr5/libgcc.a(_ctors.o)
 .debug_abbrev  0x000000000000066a       0x14 /Users/nicolasdessambre/.platformio/packages/toolchain-atmelavr/bin/../lib/gcc/avr/7.3.0/avr5/libgcc.a(_tablejump2.o)

.debug_line     0x0000000000000000      0x79e
 *(.debug_line .debug_line.* .debug_line_end)
 .debug_line    0x0000000000000000       0x1a /Users/nicolasdessambre/.platformio/packages/toolchain-atmelavr/bin/../lib/gcc/avr/7.3.0/../../../../avr/lib/avr5/crtatmega328p.o
 .debug_line    0x000000000000001a       0x62 /Users/nicolasdessambre/.platformio/packages/toolchain-atmelavr/bin/../lib/gcc/avr/7.3.0/avr5/libgcc.a(_exit.o)
 .debug_line    0x000000000000007c       0xce /Users/nicolasdessambre/.platformio/packages/toolchain-atmelavr/bin/../lib/gcc/avr/7.3.0/avr5/libgcc.a(_divmodsi4.o)
 .debug_line    0x000000000000014a       0x62 /Users/nicolasdessambre/.platformio/packages/toolchain-atmelavr/bin/../lib/gcc/avr/7.3.0/avr5/libgcc.a(_negsi2.o)
 .debug_line    0x00000000000001ac       0x98 /Users/nicolasdessambre/.platformio/packages/toolchain-atmelavr/bin/../lib/gcc/avr/7.3.0/avr5/libgcc.a(_copy_data.o)
 .debug_line    0x0000000000000244       0x86 /Users/nicolasdessambre/.platformio/packages/toolchain-atmelavr/bin/../lib/gcc/avr/7.3.0/avr5/libgcc.a(_clear_bss.o)
 .debug_line    0x00000000000002ca       0xfe /Users/nicolasdessambre/.platformio/packages/toolchain-atmelavr/bin/../lib/gcc/avr/7.3.0/avr5/libgcc.a(_prologue.o)
 .debug_line    0x00000000000003c8       0xf8 /Users/nicolasdessambre/.platformio/packages/toolchain-atmelavr/bin/../lib/gcc/avr/7.3.0/avr5/libgcc.a(_epilogue.o)
 .debug_line    0x00000000000004c0      0x122 /Users/nicolasdessambre/.platformio/packages/toolchain-atmelavr/bin/../lib/gcc/avr/7.3.0/avr5/libgcc.a(_udivmodsi4.o)
 .debug_line    0x00000000000005e2       0xb0 /Users/nicolasdessambre/.platformio/packages/toolchain-atmelavr/bin/../lib/gcc/avr/7.3.0/avr5/libgcc.a(_umulhisi3.o)
 .debug_line    0x0000000000000692       0x92 /Users/nicolasdessambre/.platformio/packages/toolchain-atmelavr/bin/../lib/gcc/avr/7.3.0/avr5/libgcc.a(_ctors.o)
 .debug_line    0x0000000000000724       0x7a /Users/nicolasdessambre/.platformio/packages/toolchain-atmelavr/bin/../lib/gcc/avr/7.3.0/avr5/libgcc.a(_tablejump2.o)

.debug_frame
 *(.debug_frame)

.debug_str      0x0000000000000000      0x208
 *(.debug_str)
 .debug_str     0x0000000000000000      0x208 /Users/nicolasdessambre/.platformio/packages/toolchain-atmelavr/bin/../lib/gcc/avr/7.3.0/../../../../avr/lib/avr5/crtatmega328p.o

.debug_loc
 *(.debug_loc)

.debug_macinfo
 *(.debug_macinfo)

.debug_weaknames
 *(.debug_weaknames)

.debug_funcnames
 *(.debug_funcnames)

.debug_typenames
 *(.debug_typenames)

.debug_varnames
 *(.debug_varnames)

.debug_pubtypes
 *(.debug_pubtypes)

.debug_ranges
 *(.debug_ranges)

.debug_macro
 *(.debug_macro)
OUTPUT(.pio/build/arduinoUno/firmware.elf elf32-avr)
LOAD linker stubs
