Archive member included to satisfy reference by file (symbol)

.pio/build/arduinoUno/lib71c/libCmdMessenger.a(CmdMessenger.cpp.o)
                              .pio/build/arduinoUno/src/main.cpp.o (symbol from plugin) (_ZN12CmdMessengerC1ER6Streamccc)
.pio/build/arduinoUno/lib05e/libAdafruit PWM Servo Driver Library.a(Adafruit_PWMServoDriver.cpp.o)
                              .pio/build/arduinoUno/src/ServoCommand.cpp.o (symbol from plugin) (_ZN23Adafruit_PWMServoDriverC1Ev)
.pio/build/arduinoUno/libFrameworkArduino.a(HardwareSerial.cpp.o)
                              .pio/build/arduinoUno/src/main.cpp.o (symbol from plugin) (_ZN14HardwareSerial5beginEmh)
.pio/build/arduinoUno/libFrameworkArduino.a(HardwareSerial0.cpp.o)
                              .pio/build/arduinoUno/src/main.cpp.o (symbol from plugin) (Serial)
.pio/build/arduinoUno/libFrameworkArduino.a(Print.cpp.o)
                              HardwareSerial.cpp.o (symbol from plugin) (_ZN5Print5writeEPKhj)
.pio/build/arduinoUno/libFrameworkArduino.a(Stream.cpp.o)
                              CmdMessenger.cpp.o (symbol from plugin) (_ZN6Stream9readBytesEPcj)
.pio/build/arduinoUno/libFrameworkArduino.a(WMath.cpp.o)
                              .pio/build/arduinoUno/src/Servo.cpp.o (symbol from plugin) (_Z3maplllll)
.pio/build/arduinoUno/libFrameworkArduino.a(WString.cpp.o)
                              .pio/build/arduinoUno/src/DCValveCommand.cpp.o (symbol from plugin) (_ZN6StringD2Ev)
.pio/build/arduinoUno/libFrameworkArduino.a(abi.cpp.o)
                              Print.cpp.o (symbol from plugin) (__cxa_pure_virtual)
.pio/build/arduinoUno/libFrameworkArduino.a(main.cpp.o)
                              /home/pi/.platformio/packages/toolchain-atmelavr/bin/../lib/gcc/avr/7.3.0/../../../../avr/lib/avr5/crtatmega328p.o (main)
.pio/build/arduinoUno/libFrameworkArduino.a(new.cpp.o)
                              Adafruit_PWMServoDriver.cpp.o (symbol from plugin) (_Znwj)
.pio/build/arduinoUno/libFrameworkArduino.a(wiring.c.o)
                              .pio/build/arduinoUno/src/DCValve.cpp.o (symbol from plugin) (millis)
.pio/build/arduinoUno/libFrameworkArduino.a(wiring_digital.c.o)
                              .pio/build/arduinoUno/src/DCValve.cpp.o (symbol from plugin) (pinMode)
.pio/build/arduinoUno/libFrameworkArduino.a(hooks.c.o)
                              wiring.c.o (symbol from plugin) (yield)
.pio/build/arduinoUno/libda3/libWire.a(Wire.cpp.o)
                              Adafruit_PWMServoDriver.cpp.o (symbol from plugin) (Wire)
.pio/build/arduinoUno/libda3/libWire.a(twi.c.o)
                              Wire.cpp.o (symbol from plugin) (twi_init)
.pio/build/arduinoUno/liba1f/libAdafruit BusIO.a(Adafruit_I2CDevice.cpp.o)
                              Adafruit_PWMServoDriver.cpp.o (symbol from plugin) (_ZN18Adafruit_I2CDeviceC1EhP7TwoWire)
/home/pi/.platformio/packages/toolchain-atmelavr/bin/../lib/gcc/avr/7.3.0/avr5/libgcc.a(_exit.o)
                              /home/pi/.platformio/packages/toolchain-atmelavr/bin/../lib/gcc/avr/7.3.0/../../../../avr/lib/avr5/crtatmega328p.o (exit)
/home/pi/.platformio/packages/toolchain-atmelavr/bin/../lib/gcc/avr/7.3.0/../../../../avr/lib/avr5/libc.a(dtostrf.o)
                              WString.cpp.o (symbol from plugin) (dtostrf)
/home/pi/.platformio/packages/toolchain-atmelavr/bin/../lib/gcc/avr/7.3.0/../../../../avr/lib/avr5/libc.a(random.o)
                              WMath.cpp.o (symbol from plugin) (random)
/home/pi/.platformio/packages/toolchain-atmelavr/bin/../lib/gcc/avr/7.3.0/../../../../avr/lib/avr5/libc.a(strtod.o)
                              CmdMessenger.cpp.o (symbol from plugin) (strtod)
/home/pi/.platformio/packages/toolchain-atmelavr/bin/../lib/gcc/avr/7.3.0/../../../../avr/lib/avr5/libc.a(atof.o)
                              WString.cpp.o (symbol from plugin) (atof)
/home/pi/.platformio/packages/toolchain-atmelavr/bin/../lib/gcc/avr/7.3.0/../../../../avr/lib/avr5/libc.a(atoi.o)
                              CmdMessenger.cpp.o (symbol from plugin) (atoi)
/home/pi/.platformio/packages/toolchain-atmelavr/bin/../lib/gcc/avr/7.3.0/../../../../avr/lib/avr5/libc.a(atol.o)
                              CmdMessenger.cpp.o (symbol from plugin) (atol)
/home/pi/.platformio/packages/toolchain-atmelavr/bin/../lib/gcc/avr/7.3.0/../../../../avr/lib/avr5/libc.a(isspace.o)
                              /home/pi/.platformio/packages/toolchain-atmelavr/bin/../lib/gcc/avr/7.3.0/../../../../avr/lib/avr5/libc.a(strtod.o) (isspace)
/home/pi/.platformio/packages/toolchain-atmelavr/bin/../lib/gcc/avr/7.3.0/../../../../avr/lib/avr5/libc.a(strcpy_P.o)
                              WString.cpp.o (symbol from plugin) (strcpy_P)
/home/pi/.platformio/packages/toolchain-atmelavr/bin/../lib/gcc/avr/7.3.0/../../../../avr/lib/avr5/libc.a(strlen_P.o)
                              WString.cpp.o (symbol from plugin) (__strlen_P)
[...]
Memory Configuration

Name             Origin             Length             Attributes
text             0x0000000000000000 0x0000000000020000 xr
data             0x0000000000800060 0x000000000000ffa0 rw !x
eeprom           0x0000000000810000 0x0000000000010000 rw !x
fuse             0x0000000000820000 0x0000000000000003 rw !x
lock             0x0000000000830000 0x0000000000000400 rw !x
signature        0x0000000000840000 0x0000000000000400 rw !x
user_signatures  0x0000000000850000 0x0000000000000400 rw !x
*default*        0x0000000000000000 0xffffffffffffffff

Linker script and memory map

Address of section .data set to 0x800100
LOAD /home/pi/.platformio/packages/toolchain-atmelavr/bin/../lib/gcc/avr/7.3.0/../../../../avr/lib/avr5/crtatmega328p.o
LOAD .pio/build/arduinoUno/src/DCValve.cpp.o
LOAD /tmp/cc9Uuaxu.ltrans0.ltrans.o
LOAD .pio/build/arduinoUno/src/DCValveCommand.cpp.o
LOAD .pio/build/arduinoUno/src/ElectricCylinder.cpp.o
LOAD .pio/build/arduinoUno/src/ElectricCylinderCommand.cpp.o
LOAD .pio/build/arduinoUno/src/Servo.cpp.o
LOAD .pio/build/arduinoUno/src/ServoCommand.cpp.o
LOAD .pio/build/arduinoUno/src/ServoSequenceManager.cpp.o
LOAD .pio/build/arduinoUno/src/main.cpp.o
START GROUP
LOAD .pio/build/arduinoUno/libf0f/libPID.a
LOAD .pio/build/arduinoUno/lib71c/libCmdMessenger.a
LOAD .pio/build/arduinoUno/libda3/libWire.a
LOAD .pio/build/arduinoUno/libc95/libSPI.a
LOAD .pio/build/arduinoUno/liba1f/libAdafruit BusIO.a
LOAD .pio/build/arduinoUno/lib05e/libAdafruit PWM Servo Driver Library.a
LOAD .pio/build/arduinoUno/libFrameworkArduinoVariant.a
LOAD .pio/build/arduinoUno/libFrameworkArduino.a
END GROUP
LOAD /home/pi/.platformio/packages/toolchain-atmelavr/bin/../lib/gcc/avr/7.3.0/avr5/libgcc.a
LOAD /home/pi/.platformio/packages/toolchain-atmelavr/bin/../lib/gcc/avr/7.3.0/../../../../avr/lib/avr5/libm.a
START GROUP
LOAD /home/pi/.platformio/packages/toolchain-atmelavr/bin/../lib/gcc/avr/7.3.0/avr5/libgcc.a
LOAD /home/pi/.platformio/packages/toolchain-atmelavr/bin/../lib/gcc/avr/7.3.0/../../../../avr/lib/avr5/libm.a
LOAD /home/pi/.platformio/packages/toolchain-atmelavr/bin/../lib/gcc/avr/7.3.0/../../../../avr/lib/avr5/libc.a
LOAD /home/pi/.platformio/packages/toolchain-atmelavr/bin/../lib/gcc/avr/7.3.0/../../../../avr/lib/avr5/libatmega328p.a
END GROUP
                0x0000000000020000                __TEXT_REGION_LENGTH__ = DEFINED (__TEXT_REGION_LENGTH__)?__TEXT_REGION_LENGTH__:0x20000
                0x000000000000ffa0                __DATA_REGION_LENGTH__ = DEFINED (__DATA_REGION_LENGTH__)?__DATA_REGION_LENGTH__:0xffa0
                0x0000000000010000                __EEPROM_REGION_LENGTH__ = DEFINED (__EEPROM_REGION_LENGTH__)?__EEPROM_REGION_LENGTH__:0x10000
                [0x0000000000000003]                __FUSE_REGION_LENGTH__ = DEFINED (__FUSE_REGION_LENGTH__)?__FUSE_REGION_LENGTH__:0x400
                0x0000000000000400                __LOCK_REGION_LENGTH__ = DEFINED (__LOCK_REGION_LENGTH__)?__LOCK_REGION_LENGTH__:0x400
                0x0000000000000400                __SIGNATURE_REGION_LENGTH__ = DEFINED (__SIGNATURE_REGION_LENGTH__)?__SIGNATURE_REGION_LENGTH__:0x400
                0x0000000000000400                __USER_SIGNATURE_REGION_LENGTH__ = DEFINED (__USER_SIGNATURE_REGION_LENGTH__)?__USER_SIGNATURE_REGION_LENGTH__:0x400

.hash
 *(.hash)

.dynsym
 *(.dynsym)

.dynstr
 *(.dynstr)

.gnu.version
 *(.gnu.version)

.gnu.version_d
 *(.gnu.version_d)

.gnu.version_r
 *(.gnu.version_r)

.rel.init
 *(.rel.init)

.rela.init
 *(.rela.init)

.rel.text
 *(.rel.text)
 *(.rel.text.*)
 *(.rel.gnu.linkonce.t*)

.rela.text
 *(.rela.text)
 *(.rela.text.*)
 *(.rela.gnu.linkonce.t*)

.rel.fini
 *(.rel.fini)

.rela.fini
 *(.rela.fini)

.rel.rodata
 *(.rel.rodata)
 *(.rel.rodata.*)
 *(.rel.gnu.linkonce.r*)

.rela.rodata
 *(.rela.rodata)
 *(.rela.rodata.*)
 *(.rela.gnu.linkonce.r*)

.rel.data
 *(.rel.data)
 *(.rel.data.*)
 *(.rel.gnu.linkonce.d*)

.rela.data
 *(.rela.data)
 *(.rela.data.*)
 *(.rela.gnu.linkonce.d*)

.rel.ctors
 *(.rel.ctors)

.rela.ctors
 *(.rela.ctors)

.rel.dtors
 *(.rel.dtors)

.rela.dtors
 *(.rela.dtors)

.rel.got
 *(.rel.got)

.rela.got
 *(.rela.got)

.rel.bss
 *(.rel.bss)

.rela.bss
 *(.rela.bss)

.rel.plt
 *(.rel.plt)

.rela.plt
 *(.rela.plt)

.text           0x0000000000000000     0x393c
 *(.vectors)
 .vectors       0x0000000000000000       0x68 /home/pi/.platformio/packages/toolchain-atmelavr/bin/../lib/gcc/avr/7.3.0/../../../../avr/lib/avr5/crtatmega328p.o
                0x0000000000000000                __vectors
                0x0000000000000000                __vector_default
 *(.vectors)
 *(.progmem.gcc*)
                0x0000000000000068                . = ALIGN (0x2)
                0x0000000000000068                __trampolines_start = .
 *(.trampolines)
 .trampolines   0x0000000000000068        0x0 linker stubs
 *(.trampolines*)
                0x0000000000000068                __trampolines_end = .
 *libprintf_flt.a:*(.progmem.data)
 *libc.a:*(.progmem.data)
 *(.progmem*)
 .progmem.data  0x0000000000000068      0x231 /tmp/cc9Uuaxu.ltrans0.ltrans.o
                0x000000000000029a                . = ALIGN (0x2)
 *fill*         0x0000000000000299        0x1 
 *(.jumptables)
 *(.jumptables*)
 *(.lowtext)
 *(.lowtext*)
                0x000000000000029a                __ctors_start = .
 *(.ctors)
 .ctors         0x000000000000029a        0x2 /tmp/cc9Uuaxu.ltrans0.ltrans.o
                0x000000000000029c                __ctors_end = .
                0x000000000000029c                __dtors_start = .
 *(.dtors)
                0x000000000000029c                __dtors_end = .
 SORT(*)(.ctors)
 SORT(*)(.dtors)
 *(.init0)
 .init0         0x000000000000029c        0x0 /home/pi/.platformio/packages/toolchain-atmelavr/bin/../lib/gcc/avr/7.3.0/../../../../avr/lib/avr5/crtatmega328p.o
                0x000000000000029c                __init
 *(.init0)
 *(.init1)
 *(.init1)
 *(.init2)
 .init2         0x000000000000029c        0xc /home/pi/.platformio/packages/toolchain-atmelavr/bin/../lib/gcc/avr/7.3.0/../../../../avr/lib/avr5/crtatmega328p.o
 *(.init2)
 *(.init3)
 *(.init3)
 *(.init4)
 .init4         0x00000000000002a8       0x16 /home/pi/.platformio/packages/toolchain-atmelavr/bin/../lib/gcc/avr/7.3.0/avr5/libgcc.a(_copy_data.o)
                0x00000000000002a8                __do_copy_data
 .init4         0x00000000000002be       0x10 /home/pi/.platformio/packages/toolchain-atmelavr/bin/../lib/gcc/avr/7.3.0/avr5/libgcc.a(_clear_bss.o)
                0x00000000000002be                __do_clear_bss
 *(.init4)
 *(.init5)
 *(.init5)
 *(.init6)
 .init6         0x00000000000002ce       0x16 /home/pi/.platformio/packages/toolchain-atmelavr/bin/../lib/gcc/avr/7.3.0/avr5/libgcc.a(_ctors.o)
                0x00000000000002ce                __do_global_ctors
 *(.init6)
 *(.init7)
 *(.init7)
 *(.init8)
 *(.init8)
 *(.init9)
 .init9         0x00000000000002e4        0x8 /home/pi/.platformio/packages/toolchain-atmelavr/bin/../lib/gcc/avr/7.3.0/../../../../avr/lib/avr5/crtatmega328p.o
 *(.init9)
 *(.text)
 .text          0x00000000000002ec        0x4 /home/pi/.platformio/packages/toolchain-atmelavr/bin/../lib/gcc/avr/7.3.0/../../../../avr/lib/avr5/crtatmega328p.o
                0x00000000000002ec                __vector_22
                0x00000000000002ec                __vector_1
                0x00000000000002ec                __vector_12
                0x00000000000002ec                __bad_interrupt
                0x00000000000002ec                __vector_6
                0x00000000000002ec                __vector_3
                0x00000000000002ec                __vector_23
                0x00000000000002ec                __vector_25
                0x00000000000002ec                __vector_11
                0x00000000000002ec                __vector_13
                0x00000000000002ec                __vector_17
                0x00000000000002ec                __vector_7
                0x00000000000002ec                __vector_5
                0x00000000000002ec                __vector_4
                0x00000000000002ec                __vector_9
                0x00000000000002ec                __vector_2
                0x00000000000002ec                __vector_21
                0x00000000000002ec                __vector_15
                0x00000000000002ec                __vector_8
                0x00000000000002ec                __vector_14
                0x00000000000002ec                __vector_10
                0x00000000000002ec                __vector_20
 .text          0x00000000000002f0     0x20be /tmp/cc9Uuaxu.ltrans0.ltrans.o
                0x000000000000202c                __vector_24
                0x000000000000226a                __vector_16
                0x00000000000022fe                __vector_19
                0x000000000000234a                __vector_18
                0x00000000000023ae                . = ALIGN (0x2)
 *(.text.*)
 .text.startup  0x00000000000023ae      0xb68 /tmp/cc9Uuaxu.ltrans0.ltrans.o
                0x0000000000002890                main
 .text.avr-libc
                0x0000000000002f16       0x3c /home/pi/.platformio/packages/toolchain-atmelavr/bin/../lib/gcc/avr/7.3.0/../../../../avr/lib/avr5/libc.a(atoi.o)
                0x0000000000002f16                atoi
 .text.avr-libc
                0x0000000000002f52       0x16 /home/pi/.platformio/packages/toolchain-atmelavr/bin/../lib/gcc/avr/7.3.0/../../../../avr/lib/avr5/libc.a(itoa_ncheck.o)
                0x0000000000002f52                __itoa_ncheck
 .text.avr-libc
                0x0000000000002f68       0x10 /home/pi/.platformio/packages/toolchain-atmelavr/bin/../lib/gcc/avr/7.3.0/../../../../avr/lib/avr5/libc.a(mul10.o)
                0x0000000000002f68                __mulhi_const_10
 .text.avr-libc
                0x0000000000002f78       0x34 /home/pi/.platformio/packages/toolchain-atmelavr/bin/../lib/gcc/avr/7.3.0/../../../../avr/lib/avr5/libc.a(utoa_ncheck.o)
                0x0000000000002f78                __utoa_ncheck
                0x0000000000002f7a                __utoa_common
 .text.avr-libc.fplib
                0x0000000000002fac        0xa /home/pi/.platformio/packages/toolchain-atmelavr/bin/../lib/gcc/avr/7.3.0/../../../../avr/lib/avr5/libc.a(cmpsf2.o)
                0x0000000000002fac                __lesf2
                0x0000000000002fac                __nesf2
                0x0000000000002fac                __eqsf2
                0x0000000000002fac                __cmpsf2
                0x0000000000002fac                __ltsf2
 .text.avr-libc.fplib
                0x0000000000002fb6       0x7a /home/pi/.platformio/packages/toolchain-atmelavr/bin/../lib/gcc/avr/7.3.0/../../../../avr/lib/avr5/libc.a(floatsisf.o)
                0x0000000000002fb6                __floatunsisf
                0x0000000000002fba                __floatsisf
 .text.avr-libc.fplib
                0x0000000000003030       0x48 /home/pi/.platformio/packages/toolchain-atmelavr/bin/../lib/gcc/avr/7.3.0/../../../../avr/lib/avr5/libc.a(fp_cmp.o)
                0x0000000000003030                __fp_cmp
 .text.avr-libc.fplib
                0x0000000000003078        0x8 /home/pi/.platformio/packages/toolchain-atmelavr/bin/../lib/gcc/avr/7.3.0/../../../../avr/lib/avr5/libc.a(mulsf3.o)
                0x0000000000003078                __mulsf3
 .text.avr-libc.fplib
                0x0000000000003080       0xd2 /home/pi/.platformio/packages/toolchain-atmelavr/bin/../lib/gcc/avr/7.3.0/../../../../avr/lib/avr5/libc.a(mulsf3x.o)
                0x000000000000309e                __mulsf3x
                0x00000000000030a4                __mulsf3_pse
 .text.avr-libc
                0x0000000000003152       0x20 /home/pi/.platformio/packages/toolchain-atmelavr/bin/../lib/gcc/avr/7.3.0/../../../../avr/lib/avr5/libc.a(strrev.o)
                0x0000000000003152                strrev
 .text.avr-libc.fplib
                0x0000000000003172        0xc /home/pi/.platformio/packages/toolchain-atmelavr/bin/../lib/gcc/avr/7.3.0/../../../../avr/lib/avr5/libc.a(fp_inf.o)
                0x0000000000003172                __fp_inf
 .text.avr-libc.fplib
                0x000000000000317e        0x6 /home/pi/.platformio/packages/toolchain-atmelavr/bin/../lib/gcc/avr/7.3.0/../../../../avr/lib/avr5/libc.a(fp_nan.o)
                0x000000000000317e                __fp_nan
 .text.avr-libc.fplib
                0x0000000000003184        0xe /home/pi/.platformio/packages/toolchain-atmelavr/bin/../lib/gcc/avr/7.3.0/../../../../avr/lib/avr5/libc.a(fp_pscA.o)
                0x0000000000003184                __fp_pscA
 .text.avr-libc.fplib
                0x0000000000003192        0xe /home/pi/.platformio/packages/toolchain-atmelavr/bin/../lib/gcc/avr/7.3.0/../../../../avr/lib/avr5/libc.a(fp_pscB.o)
                0x0000000000003192                __fp_pscB
 .text.avr-libc.fplib
                0x00000000000031a0       0x22 /home/pi/.platformio/packages/toolchain-atmelavr/bin/../lib/gcc/avr/7.3.0/../../../../avr/lib/avr5/libc.a(fp_round.o)
                0x00000000000031a0                __fp_round
 .text.avr-libc.fplib
                0x00000000000031c2       0x44 /home/pi/.platformio/packages/toolchain-atmelavr/bin/../lib/gcc/avr/7.3.0/../../../../avr/lib/avr5/libc.a(fp_split3.o)
                0x00000000000031c2                __fp_split3
                0x00000000000031d2                __fp_splitA
 .text.avr-libc.fplib
                0x0000000000003206        0xe /home/pi/.platformio/packages/toolchain-atmelavr/bin/../lib/gcc/avr/7.3.0/../../../../avr/lib/avr5/libc.a(fp_zero.o)
                0x0000000000003206                __fp_zero
                0x0000000000003208                __fp_szero
 .text.libgcc.div
                0x0000000000003214       0x2e /home/pi/.platformio/packages/toolchain-atmelavr/bin/../lib/gcc/avr/7.3.0/avr5/libgcc.a(_divmodsi4.o)
                0x0000000000003214                __divmodsi4
 .text.libgcc.div
                0x0000000000003242       0x10 /home/pi/.platformio/packages/toolchain-atmelavr/bin/../lib/gcc/avr/7.3.0/avr5/libgcc.a(_negsi2.o)
                0x0000000000003242                __negsi2
 .text.libgcc.prologue
                0x0000000000003252       0x38 /home/pi/.platformio/packages/toolchain-atmelavr/bin/../lib/gcc/avr/7.3.0/avr5/libgcc.a(_prologue.o)
                0x0000000000003252                __prologue_saves__
 .text.libgcc.prologue
                0x000000000000328a       0x36 /home/pi/.platformio/packages/toolchain-atmelavr/bin/../lib/gcc/avr/7.3.0/avr5/libgcc.a(_epilogue.o)
                0x000000000000328a                __epilogue_restores__
 .text.libgcc.div
                0x00000000000032c0       0x44 /home/pi/.platformio/packages/toolchain-atmelavr/bin/../lib/gcc/avr/7.3.0/avr5/libgcc.a(_udivmodsi4.o)
                0x00000000000032c0                __udivmodsi4
 .text.libgcc.mul
                0x0000000000003304       0x1e /home/pi/.platformio/packages/toolchain-atmelavr/bin/../lib/gcc/avr/7.3.0/avr5/libgcc.a(_umulhisi3.o)
                0x0000000000003304                __umulhisi3
 .text.libgcc   0x0000000000003322        0xc /home/pi/.platformio/packages/toolchain-atmelavr/bin/../lib/gcc/avr/7.3.0/avr5/libgcc.a(_tablejump2.o)
                0x0000000000003322                __tablejump2__
 .text.avr-libc.fplib
                0x000000000000332e        0xe /home/pi/.platformio/packages/toolchain-atmelavr/bin/../lib/gcc/avr/7.3.0/../../../../avr/lib/avr5/libm.a(addsf3.o)
                0x000000000000332e                __subsf3
                0x0000000000003330                __addsf3
 .text.avr-libc.fplib
                0x000000000000333c       0xcc /home/pi/.platformio/packages/toolchain-atmelavr/bin/../lib/gcc/avr/7.3.0/../../../../avr/lib/avr5/libm.a(addsf3x.o)
                0x000000000000335e                __addsf3x
 .text.avr-libc.fplib
                0x0000000000003408        0x8 /home/pi/.platformio/packages/toolchain-atmelavr/bin/../lib/gcc/avr/7.3.0/../../../../avr/lib/avr5/libm.a(divsf3.o)
                0x0000000000003408                __divsf3
 .text.avr-libc.fplib
                0x0000000000003410       0xdc /home/pi/.platformio/packages/toolchain-atmelavr/bin/../lib/gcc/avr/7.3.0/../../../../avr/lib/avr5/libm.a(divsf3x.o)
                0x0000000000003430                __divsf3x
                0x0000000000003436                __divsf3_pse
 .text.avr-libc.fplib
                0x00000000000034ec       0x5e /home/pi/.platformio/packages/toolchain-atmelavr/bin/../lib/gcc/avr/7.3.0/../../../../avr/lib/avr5/libm.a(fixunssfsi.o)
                0x00000000000034ec                __fixunssfsi
 .text.avr-libc.fplib
                0x000000000000354a        0xa /home/pi/.platformio/packages/toolchain-atmelavr/bin/../lib/gcc/avr/7.3.0/../../../../avr/lib/avr5/libm.a(gesf2.o)
                0x000000000000354a                __gtsf2
                0x000000000000354a                __gesf2
 .text.avr-libc
                0x0000000000003554      0x24a /home/pi/.platformio/packages/toolchain-atmelavr/bin/../lib/gcc/avr/7.3.0/../../../../avr/lib/avr5/libc.a(malloc.o)
                0x0000000000003554                malloc
                0x000000000000368c                free
 .text.avr-libc
                0x000000000000379e      0x17a /home/pi/.platformio/packages/toolchain-atmelavr/bin/../lib/gcc/avr/7.3.0/../../../../avr/lib/avr5/libc.a(realloc.o)
                0x000000000000379e                realloc
 .text.avr-libc
                0x0000000000003918       0x12 /home/pi/.platformio/packages/toolchain-atmelavr/bin/../lib/gcc/avr/7.3.0/../../../../avr/lib/avr5/libc.a(memcpy.o)
                0x0000000000003918                memcpy
 .text.avr-libc
                0x000000000000392a        0xe /home/pi/.platformio/packages/toolchain-atmelavr/bin/../lib/gcc/avr/7.3.0/../../../../avr/lib/avr5/libc.a(strcpy.o)
                0x000000000000392a                strcpy
                0x0000000000003938                . = ALIGN (0x2)
 *(.fini9)
 .fini9         0x0000000000003938        0x0 /home/pi/.platformio/packages/toolchain-atmelavr/bin/../lib/gcc/avr/7.3.0/avr5/libgcc.a(_exit.o)
                0x0000000000003938                exit
                0x0000000000003938                _exit
 *(.fini9)
 *(.fini8)
 *(.fini8)
 *(.fini7)
 *(.fini7)
 *(.fini6)
 *(.fini6)
 *(.fini5)
 *(.fini5)
 *(.fini4)
 *(.fini4)
 *(.fini3)
 *(.fini3)
 *(.fini2)
 *(.fini2)
 *(.fini1)
 *(.fini1)
 *(.fini0)
 .fini0         0x0000000000003938        0x4 /home/pi/.platformio/packages/toolchain-atmelavr/bin/../lib/gcc/avr/7.3.0/avr5/libgcc.a(_exit.o)
 *(.fini0)
                0x000000000000393c                _etext = .

.data           0x0000000000800100       0x9e load address 0x000000000000393c
                0x0000000000800100                PROVIDE (__data_start, .)
 *(.data)
 .data          0x0000000000800100       0x11 /tmp/cc9Uuaxu.ltrans0.ltrans.o
 .data          0x0000000000800111        0x6 /home/pi/.platformio/packages/toolchain-atmelavr/bin/../lib/gcc/avr/7.3.0/../../../../avr/lib/avr5/libc.a(malloc.o)
                0x0000000000800111                __malloc_heap_end
                0x0000000000800113                __malloc_heap_start
                0x0000000000800115                __malloc_margin
 *(.data*)
 *(.gnu.linkonce.d*)
 *(.rodata)
 .rodata        0x0000000000800117       0x34 /tmp/cc9Uuaxu.ltrans0.ltrans.o
 *(.rodata*)
 .rodata.str1.1
                0x000000000080014b       0x52 /tmp/cc9Uuaxu.ltrans0.ltrans.o
                                         0x58 (size before relaxing)
 *(.gnu.linkonce.r*)
                0x000000000080019e                . = ALIGN (0x2)
 *fill*         0x000000000080019d        0x1 
                0x000000000080019e                _edata = .
                0x000000000080019e                PROVIDE (__data_end, .)

.bss            0x000000000080019e      0x5e9
                0x000000000080019e                PROVIDE (__bss_start, .)
 *(.bss)
 .bss           0x000000000080019e      0x5e5 /tmp/cc9Uuaxu.ltrans0.ltrans.o
 *(.bss*)
 *(COMMON)
 COMMON         0x0000000000800783        0x4 /home/pi/.platformio/packages/toolchain-atmelavr/bin/../lib/gcc/avr/7.3.0/../../../../avr/lib/avr5/libc.a(malloc.o)
                0x0000000000800783                __brkval
                0x0000000000800785                __flp
                0x0000000000800787                PROVIDE (__bss_end, .)
                0x000000000000393c                __data_load_start = LOADADDR (.data)
                0x00000000000039da                __data_load_end = (__data_load_start + SIZEOF (.data))

.noinit         0x0000000000800787        0x0
                [!provide]                        PROVIDE (__noinit_start, .)
 *(.noinit*)
                [!provide]                        PROVIDE (__noinit_end, .)
                0x0000000000800787                _end = .
                0x0000000000800787                PROVIDE (__heap_start, .)

.eeprom         0x0000000000810000        0x0
 *(.eeprom*)
                0x0000000000810000                __eeprom_end = .

.fuse
 *(.fuse)
 *(.lfuse)
 *(.hfuse)
 *(.efuse)

.lock
 *(.lock*)

.signature
 *(.signature*)

.user_signatures
 *(.user_signatures*)

.stab
 *(.stab)

.stabstr
 *(.stabstr)

.stab.excl
 *(.stab.excl)

.stab.exclstr
 *(.stab.exclstr)

.stab.index
 *(.stab.index)

.stab.indexstr
 *(.stab.indexstr)

.comment        0x0000000000000000       0x11
 *(.comment)
 .comment       0x0000000000000000       0x11 /tmp/cc9Uuaxu.ltrans0.ltrans.o
                                         0x12 (size before relaxing)
 .comment       0x0000000000000011       0x12 /home/pi/.platformio/packages/toolchain-atmelavr/bin/../lib/gcc/avr/7.3.0/../../../../avr/lib/avr5/libc.a(malloc.o)
 .comment       0x0000000000000011       0x12 /home/pi/.platformio/packages/toolchain-atmelavr/bin/../lib/gcc/avr/7.3.0/../../../../avr/lib/avr5/libc.a(realloc.o)

.note.gnu.avr.deviceinfo
                0x0000000000000000       0x40
 .note.gnu.avr.deviceinfo
                0x0000000000000000       0x40 /home/pi/.platformio/packages/toolchain-atmelavr/bin/../lib/gcc/avr/7.3.0/../../../../avr/lib/avr5/crtatmega328p.o

.note.gnu.build-id
 *(.note.gnu.build-id)

.debug
 *(.debug)

.line
 *(.line)

.debug_srcinfo
 *(.debug_srcinfo)

.debug_sfnames
 *(.debug_sfnames)

.debug_aranges  0x0000000000000000      0x160
 *(.debug_aranges)
 .debug_aranges
                0x0000000000000000       0x20 /home/pi/.platformio/packages/toolchain-atmelavr/bin/../lib/gcc/avr/7.3.0/avr5/libgcc.a(_exit.o)
 .debug_aranges
                0x0000000000000020       0x20 /home/pi/.platformio/packages/toolchain-atmelavr/bin/../lib/gcc/avr/7.3.0/avr5/libgcc.a(_divmodsi4.o)
 .debug_aranges
                0x0000000000000040       0x20 /home/pi/.platformio/packages/toolchain-atmelavr/bin/../lib/gcc/avr/7.3.0/avr5/libgcc.a(_negsi2.o)
 .debug_aranges
                0x0000000000000060       0x20 /home/pi/.platformio/packages/toolchain-atmelavr/bin/../lib/gcc/avr/7.3.0/avr5/libgcc.a(_copy_data.o)
 .debug_aranges
                0x0000000000000080       0x20 /home/pi/.platformio/packages/toolchain-atmelavr/bin/../lib/gcc/avr/7.3.0/avr5/libgcc.a(_clear_bss.o)
 .debug_aranges
                0x00000000000000a0       0x20 /home/pi/.platformio/packages/toolchain-atmelavr/bin/../lib/gcc/avr/7.3.0/avr5/libgcc.a(_prologue.o)
 .debug_aranges
                0x00000000000000c0       0x20 /home/pi/.platformio/packages/toolchain-atmelavr/bin/../lib/gcc/avr/7.3.0/avr5/libgcc.a(_epilogue.o)
 .debug_aranges
                0x00000000000000e0       0x20 /home/pi/.platformio/packages/toolchain-atmelavr/bin/../lib/gcc/avr/7.3.0/avr5/libgcc.a(_udivmodsi4.o)
 .debug_aranges
                0x0000000000000100       0x20 /home/pi/.platformio/packages/toolchain-atmelavr/bin/../lib/gcc/avr/7.3.0/avr5/libgcc.a(_umulhisi3.o)
 .debug_aranges
                0x0000000000000120       0x20 /home/pi/.platformio/packages/toolchain-atmelavr/bin/../lib/gcc/avr/7.3.0/avr5/libgcc.a(_ctors.o)
 .debug_aranges
                0x0000000000000140       0x20 /home/pi/.platformio/packages/toolchain-atmelavr/bin/../lib/gcc/avr/7.3.0/avr5/libgcc.a(_tablejump2.o)

.debug_pubnames
 *(.debug_pubnames)

.debug_info     0x0000000000000000      0xde7
 *(.debug_info .gnu.linkonce.wi.*)
 .debug_info    0x0000000000000000      0x5f4 /home/pi/.platformio/packages/toolchain-atmelavr/bin/../lib/gcc/avr/7.3.0/../../../../avr/lib/avr5/crtatmega328p.o
 .debug_info    0x00000000000005f4       0xb9 /home/pi/.platformio/packages/toolchain-atmelavr/bin/../lib/gcc/avr/7.3.0/avr5/libgcc.a(_exit.o)
 .debug_info    0x00000000000006ad       0xb9 /home/pi/.platformio/packages/toolchain-atmelavr/bin/../lib/gcc/avr/7.3.0/avr5/libgcc.a(_divmodsi4.o)
 .debug_info    0x0000000000000766       0xb9 /home/pi/.platformio/packages/toolchain-atmelavr/bin/../lib/gcc/avr/7.3.0/avr5/libgcc.a(_negsi2.o)
 .debug_info    0x000000000000081f       0xb9 /home/pi/.platformio/packages/toolchain-atmelavr/bin/../lib/gcc/avr/7.3.0/avr5/libgcc.a(_copy_data.o)
 .debug_info    0x00000000000008d8       0xb9 /home/pi/.platformio/packages/toolchain-atmelavr/bin/../lib/gcc/avr/7.3.0/avr5/libgcc.a(_clear_bss.o)
 .debug_info    0x0000000000000991       0xb9 /home/pi/.platformio/packages/toolchain-atmelavr/bin/../lib/gcc/avr/7.3.0/avr5/libgcc.a(_prologue.o)
 .debug_info    0x0000000000000a4a       0xb9 /home/pi/.platformio/packages/toolchain-atmelavr/bin/../lib/gcc/avr/7.3.0/avr5/libgcc.a(_epilogue.o)
 .debug_info    0x0000000000000b03       0xb9 /home/pi/.platformio/packages/toolchain-atmelavr/bin/../lib/gcc/avr/7.3.0/avr5/libgcc.a(_udivmodsi4.o)
 .debug_info    0x0000000000000bbc       0xb9 /home/pi/.platformio/packages/toolchain-atmelavr/bin/../lib/gcc/avr/7.3.0/avr5/libgcc.a(_umulhisi3.o)
 .debug_info    0x0000000000000c75       0xb9 /home/pi/.platformio/packages/toolchain-atmelavr/bin/../lib/gcc/avr/7.3.0/avr5/libgcc.a(_ctors.o)
 .debug_info    0x0000000000000d2e       0xb9 /home/pi/.platformio/packages/toolchain-atmelavr/bin/../lib/gcc/avr/7.3.0/avr5/libgcc.a(_tablejump2.o)

.debug_abbrev   0x0000000000000000      0x67e
 *(.debug_abbrev)
 .debug_abbrev  0x0000000000000000      0x5a2 /home/pi/.platformio/packages/toolchain-atmelavr/bin/../lib/gcc/avr/7.3.0/../../../../avr/lib/avr5/crtatmega328p.o
 .debug_abbrev  0x00000000000005a2       0x14 /home/pi/.platformio/packages/toolchain-atmelavr/bin/../lib/gcc/avr/7.3.0/avr5/libgcc.a(_exit.o)
 .debug_abbrev  0x00000000000005b6       0x14 /home/pi/.platformio/packages/toolchain-atmelavr/bin/../lib/gcc/avr/7.3.0/avr5/libgcc.a(_divmodsi4.o)
 .debug_abbrev  0x00000000000005ca       0x14 /home/pi/.platformio/packages/toolchain-atmelavr/bin/../lib/gcc/avr/7.3.0/avr5/libgcc.a(_negsi2.o)
 .debug_abbrev  0x00000000000005de       0x14 /home/pi/.platformio/packages/toolchain-atmelavr/bin/../lib/gcc/avr/7.3.0/avr5/libgcc.a(_copy_data.o)
 .debug_abbrev  0x00000000000005f2       0x14 /home/pi/.platformio/packages/toolchain-atmelavr/bin/../lib/gcc/avr/7.3.0/avr5/libgcc.a(_clear_bss.o)
 .debug_abbrev  0x0000000000000606       0x14 /home/pi/.platformio/packages/toolchain-atmelavr/bin/../lib/gcc/avr/7.3.0/avr5/libgcc.a(_prologue.o)
 .debug_abbrev  0x000000000000061a       0x14 /home/pi/.platformio/packages/toolchain-atmelavr/bin/../lib/gcc/avr/7.3.0/avr5/libgcc.a(_epilogue.o)
 .debug_abbrev  0x000000000000062e       0x14 /home/pi/.platformio/packages/toolchain-atmelavr/bin/../lib/gcc/avr/7.3.0/avr5/libgcc.a(_udivmodsi4.o)
 .debug_abbrev  0x0000000000000642       0x14 /home/pi/.platformio/packages/toolchain-atmelavr/bin/../lib/gcc/avr/7.3.0/avr5/libgcc.a(_umulhisi3.o)
 .debug_abbrev  0x0000000000000656       0x14 /home/pi/.platformio/packages/toolchain-atmelavr/bin/../lib/gcc/avr/7.3.0/avr5/libgcc.a(_ctors.o)
 .debug_abbrev  0x000000000000066a       0x14 /home/pi/.platformio/packages/toolchain-atmelavr/bin/../lib/gcc/avr/7.3.0/avr5/libgcc.a(_tablejump2.o)

.debug_line     0x0000000000000000      0x79e
 *(.debug_line .debug_line.* .debug_line_end)
 .debug_line    0x0000000000000000       0x1a /home/pi/.platformio/packages/toolchain-atmelavr/bin/../lib/gcc/avr/7.3.0/../../../../avr/lib/avr5/crtatmega328p.o
 .debug_line    0x000000000000001a       0x62 /home/pi/.platformio/packages/toolchain-atmelavr/bin/../lib/gcc/avr/7.3.0/avr5/libgcc.a(_exit.o)
 .debug_line    0x000000000000007c       0xce /home/pi/.platformio/packages/toolchain-atmelavr/bin/../lib/gcc/avr/7.3.0/avr5/libgcc.a(_divmodsi4.o)
 .debug_line    0x000000000000014a       0x62 /home/pi/.platformio/packages/toolchain-atmelavr/bin/../lib/gcc/avr/7.3.0/avr5/libgcc.a(_negsi2.o)
 .debug_line    0x00000000000001ac       0x98 /home/pi/.platformio/packages/toolchain-atmelavr/bin/../lib/gcc/avr/7.3.0/avr5/libgcc.a(_copy_data.o)
 .debug_line    0x0000000000000244       0x86 /home/pi/.platformio/packages/toolchain-atmelavr/bin/../lib/gcc/avr/7.3.0/avr5/libgcc.a(_clear_bss.o)
 .debug_line    0x00000000000002ca       0xfe /home/pi/.platformio/packages/toolchain-atmelavr/bin/../lib/gcc/avr/7.3.0/avr5/libgcc.a(_prologue.o)
 .debug_line    0x00000000000003c8       0xf8 /home/pi/.platformio/packages/toolchain-atmelavr/bin/../lib/gcc/avr/7.3.0/avr5/libgcc.a(_epilogue.o)
 .debug_line    0x00000000000004c0      0x122 /home/pi/.platformio/packages/toolchain-atmelavr/bin/../lib/gcc/avr/7.3.0/avr5/libgcc.a(_udivmodsi4.o)
 .debug_line    0x00000000000005e2       0xb0 /home/pi/.platformio/packages/toolchain-atmelavr/bin/../lib/gcc/avr/7.3.0/avr5/libgcc.a(_umulhisi3.o)
 .debug_line    0x0000000000000692       0x92 /home/pi/.platformio/packages/toolchain-atmelavr/bin/../lib/gcc/avr/7.3.0/avr5/libgcc.a(_ctors.o)
 .debug_line    0x0000000000000724       0x7a /home/pi/.platformio/packages/toolchain-atmelavr/bin/../lib/gcc/avr/7.3.0/avr5/libgcc.a(_tablejump2.o)

.debug_frame
 *(.debug_frame)

.debug_str      0x0000000000000000      0x208
 *(.debug_str)
 .debug_str     0x0000000000000000      0x208 /home/pi/.platformio/packages/toolchain-atmelavr/bin/../lib/gcc/avr/7.3.0/../../../../avr/lib/avr5/crtatmega328p.o

.debug_loc
 *(.debug_loc)

.debug_macinfo
 *(.debug_macinfo)

.debug_weaknames
 *(.debug_weaknames)

.debug_funcnames
 *(.debug_funcnames)

.debug_typenames
 *(.debug_typenames)

.debug_varnames
 *(.debug_varnames)

.debug_pubtypes
 *(.debug_pubtypes)

.debug_ranges
 *(.debug_ranges)

.debug_macro
 *(.debug_macro)
OUTPUT(.pio/build/arduinoUno/firmware.elf elf32-avr)
LOAD linker stubs
